// Jest Snapshot v1, https://goo.gl/fbAQLP

exports[`UILabel should display correctly 1`] = `
<span
  class="bg-gray-600 text-white px-3 py-1 font-bold text-sm rounded select-none"
>
  
  my-string
  
</span>
`;
