// Jest Snapshot v1, https://goo.gl/fbAQLP

exports[`UIPill should display correctly 1`] = `
<span
  class="text-gray-700 bg-gray-200 rounded px-2"
>
  
  my-string
  
</span>
`;
